// Jest Snapshot v1, https://goo.gl/fbAQLP

exports[`Should show the gists 1`] = `
<ul>
  <li>
    description
  </li>
</ul>
`;
